// Jest Snapshot v1, https://goo.gl/fbAQLP

exports[`App should render the App Component correctly 1`] = `
<div
  className="app"
>
  <h1>
    News
  </h1>
  <HeaderContainer />
  <Container />
</div>
`;
